// Jest Snapshot v1, https://goo.gl/fbAQLP

exports[`Home snapshot 1`] = `
<View
  style={
    Array [
      Object {
        "backgroundColor": "#ffffffff",
        "overflow": "hidden",
      },
      Object {
        "flexGrow": 1,
        "flexShrink": 0,
        "marginBottom": 0,
        "marginLeft": 0,
        "marginRight": 0,
        "marginTop": 0,
        "minHeight": 844,
      },
    ]
  }
>
  <View
    style={
      Array [
        Object {
          "overflow": "hidden",
        },
        Object {
          "height": 768,
          "marginLeft": 13,
          "marginTop": 38,
          "minWidth": 364,
          "width": 364,
        },
      ]
    }
  >
    <View
      style={
        Object {
          "flexGrow": 0,
          "flexShrink": 1,
        }
      }
    >
      <View
        style={
          Object {
            "flexGrow": 1,
          }
        }
        x="0px 360fr 4px"
        y="0px minmax(0px, max-content) 0px"
      >
        <View
          style={
            Object {
              "flexGrow": 0,
              "flexShrink": 1,
            }
          }
        >
          <View
            style={
              Object {
                "alignItems": "flex-start",
                "flexDirection": "row",
                "flexGrow": 1,
                "justifyContent": "center",
              }
            }
            x="3.61% 27.5% 68.89%"
            y="0px minmax(0px, max-content) 0px"
          >
            <Text
              ellipsizeMode="clip"
              style={
                Object {
                  "color": "#344053ff",
                  "fontFamily": "System",
                  "fontSize": 30,
                  "fontStyle": "normal",
                  "fontWeight": "700",
                  "letterSpacing": 0,
                  "lineHeight": 30,
                  "paddingHorizontal": 0,
                  "paddingVertical": 0,
                  "textAlign": "center",
                }
              }
            >
              Recents
            </Text>
          </View>
        </View>
        <View
          style={
            Object {
              "flexGrow": 0,
              "flexShrink": 1,
            }
          }
        >
          <View
            style={
              Object {
                "flexGrow": 1,
              }
            }
            x="4px 356fr 0px"
            y="24px minmax(0px, max-content) 0px"
          >
            <View
              style={
                Object {
                  "flexGrow": 0,
                  "flexShrink": 1,
                }
              }
            >
              <View
                accessible={true}
                collapsable={false}
                focusable={true}
                onClick={[Function]}
                onResponderGrant={[Function]}
                onResponderMove={[Function]}
                onResponderRelease={[Function]}
                onResponderTerminate={[Function]}
                onResponderTerminationRequest={[Function]}
                onStartShouldSetResponder={[Function]}
                style={
                  Object {
                    "borderColor": "#3F89BE",
                    "borderRadius": 5,
                    "borderStyle": "solid",
                    "borderWidth": 1,
                    "elevation": 2,
                    "flexDirection": "row",
                    "flexGrow": 1,
                    "opacity": 1,
                    "shadowColor": "#000000",
                    "shadowOffset": Object {
                      "height": 1,
                      "width": 0,
                    },
                    "shadowOpacity": 0.2173913043478261,
                    "shadowRadius": 2.621621621621622,
                  }
                }
              >
                <View
                  style={
                    Object {
                      "flexBasis": 90,
                      "flexGrow": 0,
                      "flexShrink": 1,
                    }
                  }
                >
                  <View
                    accessibilityIgnoresInvertColors={true}
                    style={
                      Array [
                        Object {
                          "borderRadius": 5,
                          "resizeMode": "contain",
                        },
                        Object {
                          "height": 127,
                          "marginBottom": 0,
                          "marginLeft": 0,
                          "marginRight": 0,
                          "marginTop": 0,
                          "minWidth": 90,
                          "width": 90,
                        },
                      ]
                    }
                  >
                    <Image
                      source={
                        Object {
                          "testUri": "../../../libs/client/ui/src/lib/assets/23a067db3896c1ac956e0e22fe9c7588.png",
                        }
                      }
                      style={
                        Array [
                          Object {
                            "bottom": 0,
                            "left": 0,
                            "position": "absolute",
                            "right": 0,
                            "top": 0,
                          },
                          Object {
                            "height": 127,
                            "width": 90,
                          },
                          undefined,
                        ]
                      }
                    />
                  </View>
                </View>
                <View
                  style={
                    Object {
                      "flexBasis": 13,
                      "flexGrow": 0,
                      "flexShrink": 1,
                    }
                  }
                />
                <View
                  style={
                    Object {
                      "flexBasis": 253,
                      "flexGrow": 0,
                      "flexShrink": 1,
                    }
                  }
                >
                  <View
                    style={
                      Object {
                        "flexDirection": "row",
                        "flexGrow": 1,
                      }
                    }
                    x="0px 253fr 0px"
                    y="0px minmax(0px, max-content) 0px"
                  >
                    <View
                      style={
                        Object {
                          "flexBasis": 220,
                          "flexGrow": 0,
                          "flexShrink": 1,
                        }
                      }
                    >
                      <View
                        style={
                          Object {
                            "flexGrow": 1,
                          }
                        }
                        x="1px 219fr 0px"
                        y="0px minmax(0px, max-content) 0px"
                      >
                        <View
                          style={
                            Object {
                              "flexGrow": 0,
                              "flexShrink": 1,
                            }
                          }
                        >
                          <View
                            style={
                              Object {
                                "alignItems": "center",
                                "flexDirection": "row",
                                "flexGrow": 1,
                                "justifyContent": "flex-start",
                              }
                            }
                            x="0px 218fr 1px"
                            y="29px minmax(0px, max-content) 0px"
                          >
                            <Text
                              ellipsizeMode="clip"
                              style={
                                Object {
                                  "color": "#344053ff",
                                  "fontFamily": "System",
                                  "fontSize": 16,
                                  "fontStyle": "normal",
                                  "fontWeight": "400",
                                  "letterSpacing": 0,
                                  "lineHeight": 20,
                                  "paddingHorizontal": 0,
                                  "paddingVertical": 0,
                                  "textAlign": "left",
                                }
                              }
                            >
                              Bug introduction: a modification of code
                            </Text>
                          </View>
                        </View>
                        <View
                          style={
                            Object {
                              "flexGrow": 0,
                              "flexShrink": 1,
                            }
                          }
                        >
                          <View
                            style={
                              Object {
                                "alignItems": "flex-end",
                                "flexDirection": "row",
                                "flexGrow": 1,
                                "justifyContent": "flex-start",
                              }
                            }
                            x="1px 217fr 1px"
                            y="9px minmax(0px, max-content) 29px"
                          >
                            <Text
                              ellipsizeMode="clip"
                              style={
                                Object {
                                  "color": "#667084ff",
                                  "fontFamily": "System",
                                  "fontSize": 14,
                                  "fontStyle": "normal",
                                  "fontWeight": "400",
                                  "letterSpacing": 0,
                                  "lineHeight": 20,
                                  "paddingHorizontal": 0,
                                  "paddingVertical": 0,
                                  "textAlign": "left",
                                }
                              }
                            >
                              1 May 2022, 9:37
                            </Text>
                          </View>
                        </View>
                      </View>
                    </View>
                    <View
                      style={
                        Object {
                          "flexBasis": 33,
                          "flexGrow": 0,
                          "flexShrink": 1,
                        }
                      }
                    >
                      <View
                        accessible={true}
                        collapsable={false}
                        focusable={true}
                        onClick={[Function]}
                        onResponderGrant={[Function]}
                        onResponderMove={[Function]}
                        onResponderRelease={[Function]}
                        onResponderTerminate={[Function]}
                        onResponderTerminationRequest={[Function]}
                        onStartShouldSetResponder={[Function]}
                        style={
                          Object {
                            "flexGrow": 1,
                            "opacity": 1,
                            "width": "100%",
                          }
                        }
                      >
                        <View
                          accessibilityIgnoresInvertColors={true}
                          style={
                            Array [
                              Object {
                                "resizeMode": "contain",
                              },
                              Object {
                                "height": 18,
                                "marginBottom": 10,
                                "marginLeft": 4,
                                "marginRight": 11,
                                "marginTop": 10,
                                "minWidth": 18,
                                "width": 18,
                              },
                            ]
                          }
                        >
                          <Image
                            source={
                              Object {
                                "testUri": "../../../libs/client/ui/src/lib/assets/6784b72f243ed3938b4effbf0ffc0c7a.png",
                              }
                            }
                            style={
                              Array [
                                Object {
                                  "bottom": 0,
                                  "left": 0,
                                  "position": "absolute",
                                  "right": 0,
                                  "top": 0,
                                },
                                Object {
                                  "height": 18,
                                  "width": 18,
                                },
                                undefined,
                              ]
                            }
                          />
                        </View>
                      </View>
                    </View>
                  </View>
                </View>
              </View>
            </View>
            <View
              style={
                Object {
                  "flexGrow": 0,
                  "flexShrink": 1,
                }
              }
            >
              <View
                accessible={true}
                collapsable={false}
                focusable={true}
                onClick={[Function]}
                onResponderGrant={[Function]}
                onResponderMove={[Function]}
                onResponderRelease={[Function]}
                onResponderTerminate={[Function]}
                onResponderTerminationRequest={[Function]}
                onStartShouldSetResponder={[Function]}
                style={
                  Object {
                    "borderColor": "#3F89BE",
                    "borderRadius": 5,
                    "borderStyle": "solid",
                    "borderWidth": 1,
                    "elevation": 2,
                    "flexDirection": "row",
                    "flexGrow": 1,
                    "opacity": 1,
                    "shadowColor": "#000000",
                    "shadowOffset": Object {
                      "height": 1,
                      "width": 0,
                    },
                    "shadowOpacity": 0.2173913043478261,
                    "shadowRadius": 2.621621621621622,
                  }
                }
              >
                <View
                  style={
                    Object {
                      "flexBasis": 90,
                      "flexGrow": 0,
                      "flexShrink": 1,
                    }
                  }
                >
                  <View
                    accessibilityIgnoresInvertColors={true}
                    style={
                      Array [
                        Object {
                          "borderRadius": 5,
                          "resizeMode": "contain",
                        },
                        Object {
                          "height": 128,
                          "marginBottom": 0,
                          "marginLeft": 0,
                          "marginRight": 0,
                          "marginTop": 0,
                          "minWidth": 90,
                          "width": 90,
                        },
                      ]
                    }
                  >
                    <Image
                      source={
                        Object {
                          "testUri": "../../../libs/client/ui/src/lib/assets/2b2d102eac55f56c11649d75b48bf464.png",
                        }
                      }
                      style={
                        Array [
                          Object {
                            "bottom": 0,
                            "left": 0,
                            "position": "absolute",
                            "right": 0,
                            "top": 0,
                          },
                          Object {
                            "height": 128,
                            "width": 90,
                          },
                          undefined,
                        ]
                      }
                    />
                  </View>
                </View>
                <View
                  style={
                    Object {
                      "flexBasis": 13,
                      "flexGrow": 0,
                      "flexShrink": 1,
                    }
                  }
                />
                <View
                  style={
                    Object {
                      "flexBasis": 253,
                      "flexGrow": 0,
                      "flexShrink": 1,
                    }
                  }
                >
                  <View
                    style={
                      Object {
                        "flexDirection": "row",
                        "flexGrow": 1,
                      }
                    }
                    x="0px 253fr 0px"
                    y="0px minmax(0px, max-content) 1px"
                  >
                    <View
                      style={
                        Object {
                          "flexBasis": 217,
                          "flexGrow": 0,
                          "flexShrink": 1,
                        }
                      }
                    >
                      <View
                        style={
                          Array [
                            Object {},
                            Object {
                              "flexGrow": 1,
                              "height": 127,
                              "marginBottom": 0,
                              "marginLeft": 5,
                              "marginRight": 0,
                              "marginTop": 0,
                            },
                          ]
                        }
                      >
                        <View
                          style={
                            Array [
                              Object {
                                "alignItems": "center",
                                "flexDirection": "row",
                                "justifyContent": "flex-start",
                              },
                              Object {
                                "position": "absolute",
                                "right": -8,
                                "top": 39,
                                "width": 223,
                              },
                            ]
                          }
                        >
                          <Text
                            ellipsizeMode="clip"
                            style={
                              Object {
                                "color": "#344053ff",
                                "fontFamily": "System",
                                "fontSize": 16,
                                "fontStyle": "normal",
                                "fontWeight": "400",
                                "letterSpacing": 0,
                                "lineHeight": 20,
                                "paddingHorizontal": 0,
                                "paddingVertical": 0,
                                "textAlign": "left",
                              }
                            }
                          >
                            Human-computer interaction
                          </Text>
                        </View>
                        <View
                          style={
                            Array [
                              Object {
                                "alignItems": "flex-end",
                                "flexDirection": "row",
                                "justifyContent": "flex-start",
                              },
                              Object {
                                "height": 20,
                                "left": -2,
                                "position": "absolute",
                                "top": 78,
                                "width": 127,
                              },
                            ]
                          }
                        >
                          <Text
                            ellipsizeMode="clip"
                            style={
                              Object {
                                "color": "#667084ff",
                                "fontFamily": "System",
                                "fontSize": 14,
                                "fontStyle": "normal",
                                "fontWeight": "400",
                                "letterSpacing": 0,
                                "lineHeight": 20,
                                "paddingHorizontal": 0,
                                "paddingVertical": 0,
                                "textAlign": "left",
                              }
                            }
                          >
                            21 Apr 2022, 14:18
                          </Text>
                        </View>
                      </View>
                    </View>
                    <View
                      style={
                        Object {
                          "flexBasis": 36,
                          "flexGrow": 0,
                          "flexShrink": 1,
                        }
                      }
                    >
                      <View
                        accessibilityIgnoresInvertColors={true}
                        style={
                          Object {
                            "resizeMode": "contain",
                          }
                        }
                      >
                        <Image
                          container={
                            Object {
                              "$$typeof": Symbol(react.forward_ref),
                              "render": [Function],
                            }
                          }
                          onPress={[Function]}
                          source={
                            Object {
                              "testUri": "../../../libs/client/ui/src/lib/assets/4517a97e95ebe8ad3751a63a5759b6d2.png",
                            }
                          }
                          style={
                            Array [
                              Object {
                                "bottom": 0,
                                "left": 0,
                                "position": "absolute",
                                "right": 0,
                                "top": 0,
                              },
                              Object {
                                "height": undefined,
                                "width": undefined,
                              },
                              undefined,
                            ]
                          }
                          x="0px 31px 5px"
                          y="0px 34px 93px"
                        />
                      </View>
                    </View>
                  </View>
                </View>
              </View>
            </View>
            <View
              style={
                Object {
                  "flexGrow": 0,
                  "flexShrink": 1,
                }
              }
            >
              <View
                accessible={true}
                collapsable={false}
                focusable={true}
                onClick={[Function]}
                onResponderGrant={[Function]}
                onResponderMove={[Function]}
                onResponderRelease={[Function]}
                onResponderTerminate={[Function]}
                onResponderTerminationRequest={[Function]}
                onStartShouldSetResponder={[Function]}
                style={
                  Object {
                    "borderColor": "#3F89BE",
                    "borderRadius": 5,
                    "borderStyle": "solid",
                    "borderWidth": 1,
                    "elevation": 2,
                    "flexDirection": "row",
                    "flexGrow": 1,
                    "opacity": 1,
                    "shadowColor": "#000000",
                    "shadowOffset": Object {
                      "height": 1,
                      "width": 0,
                    },
                    "shadowOpacity": 0.2173913043478261,
                    "shadowRadius": 2.621621621621622,
                  }
                }
              >
                <View
                  style={
                    Object {
                      "flexBasis": 90,
                      "flexGrow": 0,
                      "flexShrink": 1,
                    }
                  }
                >
                  <View
                    accessibilityIgnoresInvertColors={true}
                    style={
                      Array [
                        Object {
                          "borderRadius": 5,
                          "resizeMode": "contain",
                        },
                        Object {
                          "height": 127,
                          "marginBottom": 0,
                          "marginLeft": 0,
                          "marginRight": 0,
                          "marginTop": 0,
                          "minWidth": 90,
                          "width": 90,
                        },
                      ]
                    }
                  >
                    <Image
                      source={
                        Object {
                          "testUri": "../../../libs/client/ui/src/lib/assets/634a9d41d1a919acda75dccb24941e81.png",
                        }
                      }
                      style={
                        Array [
                          Object {
                            "bottom": 0,
                            "left": 0,
                            "position": "absolute",
                            "right": 0,
                            "top": 0,
                          },
                          Object {
                            "height": 127,
                            "width": 90,
                          },
                          undefined,
                        ]
                      }
                    />
                  </View>
                </View>
                <View
                  style={
                    Object {
                      "flexBasis": 13,
                      "flexGrow": 0,
                      "flexShrink": 1,
                    }
                  }
                />
                <View
                  style={
                    Object {
                      "flexBasis": 253,
                      "flexGrow": 0,
                      "flexShrink": 1,
                    }
                  }
                >
                  <View
                    style={
                      Object {
                        "flexDirection": "row",
                        "flexGrow": 1,
                      }
                    }
                    x="0px 253fr 0px"
                    y="0px minmax(0px, max-content) 0px"
                  >
                    <View
                      style={
                        Object {
                          "flexBasis": 220,
                          "flexGrow": 0,
                          "flexShrink": 1,
                        }
                      }
                    >
                      <View
                        style={
                          Object {
                            "flexGrow": 1,
                          }
                        }
                        x="1px 219fr 0px"
                        y="0px minmax(0px, max-content) 0px"
                      >
                        <View
                          style={
                            Object {
                              "flexGrow": 0,
                              "flexShrink": 1,
                            }
                          }
                        >
                          <View
                            style={
                              Object {
                                "alignItems": "center",
                                "flexDirection": "row",
                                "flexGrow": 1,
                                "justifyContent": "flex-start",
                              }
                            }
                            x="0px 218fr 1px"
                            y="29px minmax(0px, max-content) 0px"
                          >
                            <Text
                              ellipsizeMode="clip"
                              style={
                                Object {
                                  "color": "#344053ff",
                                  "fontFamily": "System",
                                  "fontSize": 16,
                                  "fontStyle": "normal",
                                  "fontWeight": "400",
                                  "letterSpacing": 0,
                                  "lineHeight": 20,
                                  "paddingHorizontal": 0,
                                  "paddingVertical": 0,
                                  "textAlign": "left",
                                }
                              }
                            >
                              The tropical plants of the Philippines
                            </Text>
                          </View>
                        </View>
                        <View
                          style={
                            Object {
                              "flexGrow": 0,
                              "flexShrink": 1,
                            }
                          }
                        >
                          <View
                            style={
                              Object {
                                "alignItems": "flex-end",
                                "flexDirection": "row",
                                "flexGrow": 1,
                                "justifyContent": "flex-start",
                              }
                            }
                            x="1px 217fr 1px"
                            y="9px minmax(0px, max-content) 29px"
                          >
                            <Text
                              ellipsizeMode="clip"
                              style={
                                Object {
                                  "color": "#667084ff",
                                  "fontFamily": "System",
                                  "fontSize": 14,
                                  "fontStyle": "normal",
                                  "fontWeight": "400",
                                  "letterSpacing": 0,
                                  "lineHeight": 20,
                                  "paddingHorizontal": 0,
                                  "paddingVertical": 0,
                                  "textAlign": "left",
                                }
                              }
                            >
                              13 Apr 2022, 11:53
                            </Text>
                          </View>
                        </View>
                      </View>
                    </View>
                    <View
                      style={
                        Object {
                          "flexBasis": 33,
                          "flexGrow": 0,
                          "flexShrink": 1,
                        }
                      }
                    >
                      <View
                        accessible={true}
                        collapsable={false}
                        focusable={true}
                        onClick={[Function]}
                        onResponderGrant={[Function]}
                        onResponderMove={[Function]}
                        onResponderRelease={[Function]}
                        onResponderTerminate={[Function]}
                        onResponderTerminationRequest={[Function]}
                        onStartShouldSetResponder={[Function]}
                        style={
                          Object {
                            "flexGrow": 1,
                            "opacity": 1,
                            "width": "100%",
                          }
                        }
                      >
                        <View
                          accessibilityIgnoresInvertColors={true}
                          style={
                            Array [
                              Object {
                                "resizeMode": "contain",
                              },
                              Object {
                                "height": 18,
                                "marginBottom": 10,
                                "marginLeft": 4,
                                "marginRight": 11,
                                "marginTop": 10,
                                "minWidth": 18,
                                "width": 18,
                              },
                            ]
                          }
                        >
                          <Image
                            source={
                              Object {
                                "testUri": "../../../libs/client/ui/src/lib/assets/6784b72f243ed3938b4effbf0ffc0c7a.png",
                              }
                            }
                            style={
                              Array [
                                Object {
                                  "bottom": 0,
                                  "left": 0,
                                  "position": "absolute",
                                  "right": 0,
                                  "top": 0,
                                },
                                Object {
                                  "height": 18,
                                  "width": 18,
                                },
                                undefined,
                              ]
                            }
                          />
                        </View>
                      </View>
                    </View>
                  </View>
                </View>
              </View>
            </View>
          </View>
        </View>
        <View
          style={
            Object {
              "flexGrow": 0,
              "flexShrink": 1,
            }
          }
        >
          <View
            style={
              Object {
                "borderRadius": 8,
                "flexGrow": 1,
                "width": "100%",
              }
            }
            x="4px 356fr 0px"
            y="27px minmax(0px, max-content) 0px"
          >
            <View
              accessible={true}
              collapsable={false}
              focusable={true}
              onClick={[Function]}
              onResponderGrant={[Function]}
              onResponderMove={[Function]}
              onResponderRelease={[Function]}
              onResponderTerminate={[Function]}
              onResponderTerminationRequest={[Function]}
              onStartShouldSetResponder={[Function]}
              style={
                Object {
                  "backgroundColor": "#3F89BE",
                  "borderColor": "#3f89beff",
                  "borderRadius": 8,
                  "borderStyle": "solid",
                  "borderWidth": 1,
                  "elevation": 2,
                  "flexGrow": 1,
                  "opacity": 1,
                  "shadowColor": "#000000",
                  "shadowOffset": Object {
                    "height": 1,
                    "width": 0,
                  },
                  "shadowOpacity": 0.2173913043478261,
                  "shadowRadius": 2.621621621621622,
                  "width": "100%",
                }
              }
            >
              <View
                style={
                  Object {
                    "alignItems": "flex-start",
                    "flexDirection": "row",
                    "flexGrow": 1,
                    "justifyContent": "flex-start",
                  }
                }
                x="103px minmax(0px, max-content) 98fr"
                y="10px minmax(0px, max-content) 10fr"
              >
                <Text
                  ellipsizeMode="clip"
                  style={
                    Object {
                      "color": "#ffffffff",
                      "fontFamily": "System",
                      "fontSize": 20,
                      "fontStyle": "normal",
                      "fontWeight": "400",
                      "letterSpacing": 0,
                      "lineHeight": 24,
                      "paddingHorizontal": 0,
                      "paddingVertical": 0,
                      "textAlign": "left",
                    }
                  }
                >
                  View all PDFs
                </Text>
              </View>
            </View>
          </View>
        </View>
      </View>
    </View>
    <View
      style={
        Object {
          "flexGrow": 0,
          "flexShrink": 1,
        }
      }
    >
      <View
        style={
          Array [
            Object {
              "backgroundColor": "#d0d5ddff",
              "borderRadius": 0.5,
              "elevation": 2,
              "overflow": "hidden",
              "shadowColor": "#000000",
              "shadowOffset": Object {
                "height": 1,
                "width": 0,
              },
              "shadowOpacity": 0.2173913043478261,
              "shadowRadius": 2.621621621621622,
            },
            Object {
              "flexGrow": 1,
              "height": 1,
              "marginBottom": 0,
              "marginLeft": 4,
              "marginRight": 4,
              "marginTop": 26,
            },
          ]
        }
      />
    </View>
    <View
      style={
        Object {
          "flexGrow": 0,
          "flexShrink": 1,
        }
      }
    >
      <View
        accessible={true}
        collapsable={false}
        focusable={true}
        onClick={[Function]}
        onResponderGrant={[Function]}
        onResponderMove={[Function]}
        onResponderRelease={[Function]}
        onResponderTerminate={[Function]}
        onResponderTerminationRequest={[Function]}
        onStartShouldSetResponder={[Function]}
        style={
          Object {
            "borderRadius": 8,
            "flexGrow": 1,
            "opacity": 1,
            "width": "100%",
          }
        }
      >
        <View
          style={
            Object {
              "backgroundColor": "#9bcbedff",
              "borderColor": "#9bcbedff",
              "borderRadius": 8,
              "borderStyle": "solid",
              "borderWidth": 1,
              "elevation": 2,
              "flexDirection": "row",
              "flexGrow": 1,
              "overflow": "hidden",
              "shadowColor": "#000000",
              "shadowOffset": Object {
                "height": 1,
                "width": 0,
              },
              "shadowOpacity": 0.2173913043478261,
              "shadowRadius": 2.621621621621622,
            }
          }
          x="0px 310fr 0px"
          y="0px minmax(0px, max-content) 0px"
        >
          <View
            style={
              Object {
                "flexBasis": 39,
                "flexGrow": 0,
                "flexShrink": 1,
              }
            }
          >
            <View
              accessibilityIgnoresInvertColors={true}
              style={
                Array [
                  Object {
                    "resizeMode": "contain",
                  },
                  Object {
                    "height": 24,
                    "marginBottom": 10,
                    "marginLeft": 10,
                    "marginRight": 0,
                    "marginTop": 10,
                    "minWidth": 29,
                    "width": 29,
                  },
                ]
              }
            >
              <Image
                source={
                  Object {
                    "testUri": "../../../libs/client/ui/src/lib/assets/7ad1b7976053414cc835006cba34b16d.png",
                  }
                }
                style={
                  Array [
                    Object {
                      "bottom": 0,
                      "left": 0,
                      "position": "absolute",
                      "right": 0,
                      "top": 0,
                    },
                    Object {
                      "height": 24,
                      "width": 29,
                    },
                    undefined,
                  ]
                }
              />
            </View>
          </View>
          <View
            style={
              Object {
                "flexBasis": 84,
                "flexGrow": 0,
                "flexShrink": 1,
              }
            }
          />
          <View
            style={
              Object {
                "flexGrow": 0,
                "flexShrink": 0,
                "minWidth": 0,
              }
            }
          >
            <View
              style={
                Object {
                  "alignItems": "flex-start",
                  "flexDirection": "row",
                  "flexGrow": 1,
                  "justifyContent": "center",
                }
              }
              x="0px 66fr 121px"
              y="10px minmax(0px, max-content) 10px"
            >
              <Text
                ellipsizeMode="clip"
                style={
                  Object {
                    "color": "#344053ff",
                    "fontFamily": "System",
                    "fontSize": 20,
                    "fontStyle": "normal",
                    "fontWeight": "400",
                    "letterSpacing": 0,
                    "lineHeight": 24,
                    "paddingHorizontal": 0,
                    "paddingVertical": 0,
                    "textAlign": "center",
                  }
                }
              >
                Settings
              </Text>
            </View>
          </View>
        </View>
      </View>
    </View>
    <View
      style={
        Object {
          "flexGrow": 0,
          "flexShrink": 1,
        }
      }
    >
      <View
        style={
          Object {
            "borderRadius": 8,
            "flexDirection": "row",
            "flexGrow": 1,
          }
        }
        x="28.3% 43.96% 27.75%"
        y="38px minmax(0px, max-content) 11px"
      >
        <View
          style={
            Object {
              "flexBasis": 80,
              "flexGrow": 1,
              "flexShrink": 1,
            }
          }
        >
          <View
            accessible={true}
            collapsable={false}
            focusable={true}
            onClick={[Function]}
            onResponderGrant={[Function]}
            onResponderMove={[Function]}
            onResponderRelease={[Function]}
            onResponderTerminate={[Function]}
            onResponderTerminationRequest={[Function]}
            onStartShouldSetResponder={[Function]}
            style={
              Object {
                "backgroundColor": "#d0d5ddff",
                "borderBottomLeftRadius": 8,
                "borderTopLeftRadius": 8,
                "elevation": 1,
                "flexGrow": 1,
                "opacity": 1,
                "overflow": "hidden",
                "shadowColor": "#000000",
                "shadowOffset": Object {
                  "height": 1,
                  "width": 0,
                },
                "shadowOpacity": 0.2,
                "shadowRadius": 1.810810810810811,
                "width": "100%",
              }
            }
          >
            <View
              accessibilityIgnoresInvertColors={true}
              style={
                Array [
                  Object {
                    "resizeMode": "contain",
                  },
                  Object {
                    "height": 40,
                    "marginBottom": 20,
                    "marginLeft": 27,
                    "marginRight": 27,
                    "marginTop": 20,
                    "minWidth": 26,
                    "width": 26,
                  },
                ]
              }
            >
              <Image
                source={
                  Object {
                    "testUri": "../../../libs/client/ui/src/lib/assets/6224a20de8d1d66e441de471733c2168.png",
                  }
                }
                style={
                  Array [
                    Object {
                      "bottom": 0,
                      "left": 0,
                      "position": "absolute",
                      "right": 0,
                      "top": 0,
                    },
                    Object {
                      "height": 40,
                      "width": 26,
                    },
                    undefined,
                  ]
                }
              />
            </View>
          </View>
        </View>
        <View
          style={
            Object {
              "flexBasis": 80,
              "flexGrow": 1,
              "flexShrink": 1,
            }
          }
        >
          <View
            accessible={true}
            collapsable={false}
            focusable={true}
            onClick={[Function]}
            onResponderGrant={[Function]}
            onResponderMove={[Function]}
            onResponderRelease={[Function]}
            onResponderTerminate={[Function]}
            onResponderTerminationRequest={[Function]}
            onStartShouldSetResponder={[Function]}
            style={
              Object {
                "backgroundColor": "#d0d5ddff",
                "borderBottomRightRadius": 8,
                "borderTopRightRadius": 8,
                "elevation": 1,
                "flexGrow": 1,
                "opacity": 1,
                "overflow": "hidden",
                "shadowColor": "#000000",
                "shadowOffset": Object {
                  "height": 1,
                  "width": 0,
                },
                "shadowOpacity": 0.2,
                "shadowRadius": 1.810810810810811,
                "width": "100%",
              }
            }
          >
            <View
              accessibilityIgnoresInvertColors={true}
              style={
                Array [
                  Object {
                    "borderColor": "#667085ff",
                    "borderStyle": "solid",
                    "resizeMode": "contain",
                  },
                  Object {
                    "height": 100,
                    "left": -10,
                    "position": "absolute",
                    "top": -10,
                    "width": 21,
                  },
                ]
              }
            >
              <Image
                source={
                  Object {
                    "testUri": "../../../libs/client/ui/src/lib/assets/0b67feb53a71fc494ea1192023ca3fe0.png",
                  }
                }
                style={
                  Array [
                    Object {
                      "bottom": 0,
                      "left": 0,
                      "position": "absolute",
                      "right": 0,
                      "top": 0,
                    },
                    Object {
                      "height": 100,
                      "width": 21,
                    },
                    undefined,
                  ]
                }
              />
            </View>
            <View
              accessibilityIgnoresInvertColors={true}
              style={
                Array [
                  Object {
                    "resizeMode": "contain",
                  },
                  Object {
                    "height": 36,
                    "marginBottom": 22,
                    "marginLeft": 22,
                    "marginRight": 22,
                    "marginTop": 22,
                    "minWidth": 36,
                    "width": 36,
                  },
                ]
              }
            >
              <Image
                source={
                  Object {
                    "testUri": "../../../libs/client/ui/src/lib/assets/f096234e78f59a804b946264f7026e00.png",
                  }
                }
                style={
                  Array [
                    Object {
                      "bottom": 0,
                      "left": 0,
                      "position": "absolute",
                      "right": 0,
                      "top": 0,
                    },
                    Object {
                      "height": 36,
                      "width": 36,
                    },
                    undefined,
                  ]
                }
              />
            </View>
          </View>
        </View>
      </View>
    </View>
  </View>
</View>
`;
