// Jest Snapshot v1, https://goo.gl/fbAQLP

exports[`ViewAll snapshot 1`] = `
<View
  style={
    Object {
      "backgroundColor": "#ffffffff",
      "flexGrow": 1,
      "marginBottom": 0,
      "marginLeft": 0,
      "marginRight": 0,
      "marginTop": 0,
    }
  }
>
  <View
    style={
      Object {
        "alignItems": "center",
        "backgroundColor": "#c4c4c4ff",
        "elevation": 2,
        "flexDirection": "column",
        "flexShrink": 1,
        "shadowColor": "#000000",
        "shadowOffset": Object {
          "height": 1,
          "width": 0,
        },
        "shadowOpacity": 0.2173913043478261,
        "shadowRadius": 2.621621621621622,
        "width": "100%",
      }
    }
  >
    <View
      style={
        Object {
          "alignItems": "flex-start",
          "height": "5%",
          "justifyContent": "center",
          "minHeight": 28,
          "paddingLeft": 15,
          "width": "100%",
        }
      }
    >
      <Text
        style={
          Object {
            "color": "#344053ff",
            "fontFamily": "System",
            "fontSize": 24,
            "fontStyle": "normal",
            "fontWeight": "700",
            "letterSpacing": 0,
            "lineHeight": 28,
            "textAlign": "center",
          }
        }
      >
        PDFs
      </Text>
    </View>
    <View
      style={
        Object {
          "flexShrink": 1,
          "margin": 10,
          "width": "80%",
        }
      }
    >
      <View
        accessibilityIgnoresInvertColors={true}
        style={
          Object {
            "height": 20,
            "marginBottom": 2,
            "marginLeft": 0,
            "marginRight": 0,
            "marginTop": 2,
            "minWidth": 20,
            "resizeMode": "contain",
            "width": 20,
          }
        }
      >
        <Image
          style={
            Array [
              Object {
                "bottom": 0,
                "left": 0,
                "position": "absolute",
                "right": 0,
                "top": 0,
              },
              Object {
                "height": 20,
                "width": 20,
              },
              undefined,
            ]
          }
        />
      </View>
      <TextInput
        onChangeText={[Function]}
        placeholder="Search"
        style={
          Object {
            "backgroundColor": "#ffffffff",
            "borderColor": "#d0d5ddff",
            "borderRadius": 8,
            "borderStyle": "solid",
            "borderWidth": 1,
            "color": "#667084ff",
            "elevation": 2,
            "fontFamily": "System",
            "fontSize": 16,
            "fontStyle": "normal",
            "fontWeight": "400",
            "letterSpacing": 0,
            "lineHeight": 24,
            "padding": 5,
            "shadowColor": "#000000",
            "shadowOffset": Object {
              "height": 1,
              "width": 0,
            },
            "shadowOpacity": 0.2173913043478261,
            "shadowRadius": 2.621621621621622,
            "textAlign": "left",
          }
        }
      />
    </View>
  </View>
  <RCTScrollView
    style={
      Object {
        "height": "70%",
        "overflow": "visible",
        "paddingLeft": 15,
        "paddingRight": 15,
      }
    }
  >
    <View>
      <View
        accessible={true}
        collapsable={false}
        focusable={true}
        onClick={[Function]}
        onResponderGrant={[Function]}
        onResponderMove={[Function]}
        onResponderRelease={[Function]}
        onResponderTerminate={[Function]}
        onResponderTerminationRequest={[Function]}
        onStartShouldSetResponder={[Function]}
        style={
          Object {
            "borderColor": "#c4c4c4ff",
            "borderRadius": 5,
            "borderStyle": "solid",
            "borderWidth": 1,
            "elevation": 1,
            "flexDirection": "row",
            "flexGrow": 1,
            "margin": 5,
            "opacity": 1,
            "shadowColor": "#c4c4c4ff",
            "shadowOffset": Object {
              "height": 2,
              "width": 2,
            },
            "shadowOpacity": 0.1,
            "shadowRadius": 5,
          }
        }
      >
        <View
          style={
            Object {
              "aspectRatio": 0.7071135624381276,
              "borderColor": "#3F89BE",
              "borderRadius": 5,
              "borderStyle": "solid",
              "borderWidth": 1,
              "flexShrink": 1,
            }
          }
        >
          <View
            accessibilityIgnoresInvertColors={true}
            style={
              Object {
                "borderRadius": 5,
                "resizeMode": "contain",
              }
            }
          >
            <Image
              style={
                Array [
                  Object {
                    "bottom": 0,
                    "left": 0,
                    "position": "absolute",
                    "right": 0,
                    "top": 0,
                  },
                  Object {
                    "height": undefined,
                    "width": undefined,
                  },
                  undefined,
                ]
              }
            />
          </View>
        </View>
        <View
          style={
            Object {
              "flex": 4,
              "justifyContent": "center",
            }
          }
        >
          <View
            style={
              Object {
                "flexDirection": "column",
                "flexGrow": 1,
                "flexShrink": 1,
                "justifyContent": "center",
                "marginBottom": 0,
                "marginLeft": 5,
                "marginRight": 0,
                "marginTop": 0,
                "paddingLeft": 10,
              }
            }
          >
            <View
              style={
                Object {
                  "flexGrow": 1,
                  "justifyContent": "center",
                  "paddingTop": 15,
                  "resizeMode": "contain",
                }
              }
            >
              <Text
                ellipsizeMode="clip"
                style={
                  Object {
                    "color": "#344053ff",
                    "fontFamily": "System",
                    "fontSize": 16,
                    "fontStyle": "normal",
                    "fontWeight": "400",
                    "letterSpacing": 0,
                    "lineHeight": 20,
                    "paddingHorizontal": 0,
                    "paddingVertical": 0,
                    "textAlign": "left",
                  }
                }
              >
                Bug introduction: a modification of code
              </Text>
            </View>
            <View
              style={
                Object {
                  "flexGrow": 1,
                  "justifyContent": "center",
                  "paddingBottom": 15,
                  "resizeMode": "contain",
                }
              }
            >
              <Text
                ellipsizeMode="clip"
                style={
                  Object {
                    "color": "#667084ff",
                    "fontFamily": "System",
                    "fontSize": 14,
                    "fontStyle": "normal",
                    "fontWeight": "400",
                    "letterSpacing": 0,
                    "lineHeight": 20,
                    "paddingHorizontal": 0,
                    "paddingVertical": 0,
                    "textAlign": "left",
                  }
                }
              >
                1 May 2022, 9:37
              </Text>
            </View>
            <View>
              <View
                accessibilityIgnoresInvertColors={true}
              >
                <Image
                  container={
                    Object {
                      "$$typeof": Symbol(react.forward_ref),
                      "render": [Function],
                    }
                  }
                  onPress={[Function]}
                  style={
                    Array [
                      Object {
                        "bottom": 0,
                        "left": 0,
                        "position": "absolute",
                        "right": 0,
                        "top": 0,
                      },
                      Object {
                        "height": undefined,
                        "width": undefined,
                      },
                      undefined,
                    ]
                  }
                />
              </View>
            </View>
          </View>
        </View>
      </View>
      <View
        accessible={true}
        collapsable={false}
        focusable={true}
        onClick={[Function]}
        onResponderGrant={[Function]}
        onResponderMove={[Function]}
        onResponderRelease={[Function]}
        onResponderTerminate={[Function]}
        onResponderTerminationRequest={[Function]}
        onStartShouldSetResponder={[Function]}
        style={
          Object {
            "borderColor": "#c4c4c4ff",
            "borderRadius": 5,
            "borderStyle": "solid",
            "borderWidth": 1,
            "elevation": 1,
            "flexDirection": "row",
            "flexGrow": 1,
            "margin": 5,
            "opacity": 1,
            "shadowColor": "#c4c4c4ff",
            "shadowOffset": Object {
              "height": 2,
              "width": 2,
            },
            "shadowOpacity": 0.1,
            "shadowRadius": 5,
          }
        }
      >
        <View
          style={
            Object {
              "aspectRatio": 0.7071135624381276,
              "borderColor": "#3F89BE",
              "borderRadius": 5,
              "borderStyle": "solid",
              "borderWidth": 1,
              "flexShrink": 1,
            }
          }
        >
          <View
            accessibilityIgnoresInvertColors={true}
            style={
              Object {
                "borderRadius": 5,
                "resizeMode": "contain",
              }
            }
          >
            <Image
              style={
                Array [
                  Object {
                    "bottom": 0,
                    "left": 0,
                    "position": "absolute",
                    "right": 0,
                    "top": 0,
                  },
                  Object {
                    "height": undefined,
                    "width": undefined,
                  },
                  undefined,
                ]
              }
            />
          </View>
        </View>
        <View
          style={
            Object {
              "flex": 4,
              "justifyContent": "center",
            }
          }
        >
          <View
            style={
              Object {
                "flexDirection": "column",
                "flexGrow": 1,
                "flexShrink": 1,
                "justifyContent": "center",
                "marginBottom": 0,
                "marginLeft": 5,
                "marginRight": 0,
                "marginTop": 0,
                "paddingLeft": 10,
              }
            }
          >
            <View
              style={
                Object {
                  "flexGrow": 1,
                  "justifyContent": "center",
                  "paddingTop": 15,
                  "resizeMode": "contain",
                }
              }
            >
              <Text
                ellipsizeMode="clip"
                style={
                  Object {
                    "color": "#344053ff",
                    "fontFamily": "System",
                    "fontSize": 16,
                    "fontStyle": "normal",
                    "fontWeight": "400",
                    "letterSpacing": 0,
                    "lineHeight": 20,
                    "paddingHorizontal": 0,
                    "paddingVertical": 0,
                    "textAlign": "left",
                  }
                }
              >
                Human-computer interaction
              </Text>
            </View>
            <View
              style={
                Object {
                  "flexGrow": 1,
                  "justifyContent": "center",
                  "paddingBottom": 15,
                  "resizeMode": "contain",
                }
              }
            >
              <Text
                ellipsizeMode="clip"
                style={
                  Object {
                    "color": "#667084ff",
                    "fontFamily": "System",
                    "fontSize": 14,
                    "fontStyle": "normal",
                    "fontWeight": "400",
                    "letterSpacing": 0,
                    "lineHeight": 20,
                    "paddingHorizontal": 0,
                    "paddingVertical": 0,
                    "textAlign": "left",
                  }
                }
              >
                21 Apr 2022, 14:18
              </Text>
            </View>
            <View>
              <View
                accessibilityIgnoresInvertColors={true}
              >
                <Image
                  container={
                    Object {
                      "$$typeof": Symbol(react.forward_ref),
                      "render": [Function],
                    }
                  }
                  onPress={[Function]}
                  style={
                    Array [
                      Object {
                        "bottom": 0,
                        "left": 0,
                        "position": "absolute",
                        "right": 0,
                        "top": 0,
                      },
                      Object {
                        "height": undefined,
                        "width": undefined,
                      },
                      undefined,
                    ]
                  }
                />
              </View>
            </View>
          </View>
        </View>
      </View>
      <View
        accessible={true}
        collapsable={false}
        focusable={true}
        onClick={[Function]}
        onResponderGrant={[Function]}
        onResponderMove={[Function]}
        onResponderRelease={[Function]}
        onResponderTerminate={[Function]}
        onResponderTerminationRequest={[Function]}
        onStartShouldSetResponder={[Function]}
        style={
          Object {
            "borderColor": "#c4c4c4ff",
            "borderRadius": 5,
            "borderStyle": "solid",
            "borderWidth": 1,
            "elevation": 1,
            "flexDirection": "row",
            "flexGrow": 1,
            "margin": 5,
            "opacity": 1,
            "shadowColor": "#c4c4c4ff",
            "shadowOffset": Object {
              "height": 2,
              "width": 2,
            },
            "shadowOpacity": 0.1,
            "shadowRadius": 5,
          }
        }
      >
        <View
          style={
            Object {
              "aspectRatio": 0.7071135624381276,
              "borderColor": "#3F89BE",
              "borderRadius": 5,
              "borderStyle": "solid",
              "borderWidth": 1,
              "flexShrink": 1,
            }
          }
        >
          <View
            accessibilityIgnoresInvertColors={true}
            style={
              Object {
                "borderRadius": 5,
                "resizeMode": "contain",
              }
            }
          >
            <Image
              style={
                Array [
                  Object {
                    "bottom": 0,
                    "left": 0,
                    "position": "absolute",
                    "right": 0,
                    "top": 0,
                  },
                  Object {
                    "height": undefined,
                    "width": undefined,
                  },
                  undefined,
                ]
              }
            />
          </View>
        </View>
        <View
          style={
            Object {
              "flex": 4,
              "justifyContent": "center",
            }
          }
        >
          <View
            style={
              Object {
                "flexDirection": "column",
                "flexGrow": 1,
                "flexShrink": 1,
                "justifyContent": "center",
                "marginBottom": 0,
                "marginLeft": 5,
                "marginRight": 0,
                "marginTop": 0,
                "paddingLeft": 10,
              }
            }
          >
            <View
              style={
                Object {
                  "flexGrow": 1,
                  "justifyContent": "center",
                  "paddingTop": 15,
                  "resizeMode": "contain",
                }
              }
            >
              <Text
                ellipsizeMode="clip"
                style={
                  Object {
                    "color": "#344053ff",
                    "fontFamily": "System",
                    "fontSize": 16,
                    "fontStyle": "normal",
                    "fontWeight": "400",
                    "letterSpacing": 0,
                    "lineHeight": 20,
                    "paddingHorizontal": 0,
                    "paddingVertical": 0,
                    "textAlign": "left",
                  }
                }
              >
                The tropical plants of the Philippines
              </Text>
            </View>
            <View
              style={
                Object {
                  "flexGrow": 1,
                  "justifyContent": "center",
                  "paddingBottom": 15,
                  "resizeMode": "contain",
                }
              }
            >
              <Text
                ellipsizeMode="clip"
                style={
                  Object {
                    "color": "#667084ff",
                    "fontFamily": "System",
                    "fontSize": 14,
                    "fontStyle": "normal",
                    "fontWeight": "400",
                    "letterSpacing": 0,
                    "lineHeight": 20,
                    "paddingHorizontal": 0,
                    "paddingVertical": 0,
                    "textAlign": "left",
                  }
                }
              >
                13 Apr 2022, 11:53
              </Text>
            </View>
            <View>
              <View
                accessibilityIgnoresInvertColors={true}
              >
                <Image
                  container={
                    Object {
                      "$$typeof": Symbol(react.forward_ref),
                      "render": [Function],
                    }
                  }
                  onPress={[Function]}
                  style={
                    Array [
                      Object {
                        "bottom": 0,
                        "left": 0,
                        "position": "absolute",
                        "right": 0,
                        "top": 0,
                      },
                      Object {
                        "height": undefined,
                        "width": undefined,
                      },
                      undefined,
                    ]
                  }
                />
              </View>
            </View>
          </View>
        </View>
      </View>
      <View
        accessible={true}
        collapsable={false}
        focusable={true}
        onClick={[Function]}
        onResponderGrant={[Function]}
        onResponderMove={[Function]}
        onResponderRelease={[Function]}
        onResponderTerminate={[Function]}
        onResponderTerminationRequest={[Function]}
        onStartShouldSetResponder={[Function]}
        style={
          Object {
            "borderColor": "#c4c4c4ff",
            "borderRadius": 5,
            "borderStyle": "solid",
            "borderWidth": 1,
            "elevation": 1,
            "flexDirection": "row",
            "flexGrow": 1,
            "margin": 5,
            "opacity": 1,
            "shadowColor": "#c4c4c4ff",
            "shadowOffset": Object {
              "height": 2,
              "width": 2,
            },
            "shadowOpacity": 0.1,
            "shadowRadius": 5,
          }
        }
      >
        <View
          style={
            Object {
              "aspectRatio": 0.7071135624381276,
              "borderColor": "#3F89BE",
              "borderRadius": 5,
              "borderStyle": "solid",
              "borderWidth": 1,
              "flexShrink": 1,
            }
          }
        >
          <View
            accessibilityIgnoresInvertColors={true}
            style={
              Object {
                "borderRadius": 5,
                "resizeMode": "contain",
              }
            }
          >
            <Image
              style={
                Array [
                  Object {
                    "bottom": 0,
                    "left": 0,
                    "position": "absolute",
                    "right": 0,
                    "top": 0,
                  },
                  Object {
                    "height": undefined,
                    "width": undefined,
                  },
                  undefined,
                ]
              }
            />
          </View>
        </View>
        <View
          style={
            Object {
              "flex": 4,
              "justifyContent": "center",
            }
          }
        >
          <View
            style={
              Object {
                "flexDirection": "column",
                "flexGrow": 1,
                "flexShrink": 1,
                "justifyContent": "center",
                "marginBottom": 0,
                "marginLeft": 5,
                "marginRight": 0,
                "marginTop": 0,
                "paddingLeft": 10,
              }
            }
          >
            <View
              style={
                Object {
                  "flexGrow": 1,
                  "justifyContent": "center",
                  "paddingTop": 15,
                  "resizeMode": "contain",
                }
              }
            >
              <Text
                ellipsizeMode="clip"
                style={
                  Object {
                    "color": "#344053ff",
                    "fontFamily": "System",
                    "fontSize": 16,
                    "fontStyle": "normal",
                    "fontWeight": "400",
                    "letterSpacing": 0,
                    "lineHeight": 20,
                    "paddingHorizontal": 0,
                    "paddingVertical": 0,
                    "textAlign": "left",
                  }
                }
              >
                Devin Brittain The snacks of the popcorn
              </Text>
            </View>
            <View
              style={
                Object {
                  "flexGrow": 1,
                  "justifyContent": "center",
                  "paddingBottom": 15,
                  "resizeMode": "contain",
                }
              }
            >
              <Text
                ellipsizeMode="clip"
                style={
                  Object {
                    "color": "#667084ff",
                    "fontFamily": "System",
                    "fontSize": 14,
                    "fontStyle": "normal",
                    "fontWeight": "400",
                    "letterSpacing": 0,
                    "lineHeight": 20,
                    "paddingHorizontal": 0,
                    "paddingVertical": 0,
                    "textAlign": "left",
                  }
                }
              >
                13 Apr 2022, 11:53
              </Text>
            </View>
            <View>
              <View
                accessibilityIgnoresInvertColors={true}
              >
                <Image
                  container={
                    Object {
                      "$$typeof": Symbol(react.forward_ref),
                      "render": [Function],
                    }
                  }
                  onPress={[Function]}
                  style={
                    Array [
                      Object {
                        "bottom": 0,
                        "left": 0,
                        "position": "absolute",
                        "right": 0,
                        "top": 0,
                      },
                      Object {
                        "height": undefined,
                        "width": undefined,
                      },
                      undefined,
                    ]
                  }
                />
              </View>
            </View>
          </View>
        </View>
      </View>
      <View
        accessible={true}
        collapsable={false}
        focusable={true}
        onClick={[Function]}
        onResponderGrant={[Function]}
        onResponderMove={[Function]}
        onResponderRelease={[Function]}
        onResponderTerminate={[Function]}
        onResponderTerminationRequest={[Function]}
        onStartShouldSetResponder={[Function]}
        style={
          Object {
            "borderColor": "#c4c4c4ff",
            "borderRadius": 5,
            "borderStyle": "solid",
            "borderWidth": 1,
            "elevation": 1,
            "flexDirection": "row",
            "flexGrow": 1,
            "margin": 5,
            "opacity": 1,
            "shadowColor": "#c4c4c4ff",
            "shadowOffset": Object {
              "height": 2,
              "width": 2,
            },
            "shadowOpacity": 0.1,
            "shadowRadius": 5,
          }
        }
      >
        <View
          style={
            Object {
              "aspectRatio": 0.7071135624381276,
              "borderColor": "#3F89BE",
              "borderRadius": 5,
              "borderStyle": "solid",
              "borderWidth": 1,
              "flexShrink": 1,
            }
          }
        >
          <View
            accessibilityIgnoresInvertColors={true}
            style={
              Object {
                "borderRadius": 5,
                "resizeMode": "contain",
              }
            }
          >
            <Image
              style={
                Array [
                  Object {
                    "bottom": 0,
                    "left": 0,
                    "position": "absolute",
                    "right": 0,
                    "top": 0,
                  },
                  Object {
                    "height": undefined,
                    "width": undefined,
                  },
                  undefined,
                ]
              }
            />
          </View>
        </View>
        <View
          style={
            Object {
              "flex": 4,
              "justifyContent": "center",
            }
          }
        >
          <View
            style={
              Object {
                "flexDirection": "column",
                "flexGrow": 1,
                "flexShrink": 1,
                "justifyContent": "center",
                "marginBottom": 0,
                "marginLeft": 5,
                "marginRight": 0,
                "marginTop": 0,
                "paddingLeft": 10,
              }
            }
          >
            <View
              style={
                Object {
                  "flexGrow": 1,
                  "justifyContent": "center",
                  "paddingTop": 15,
                  "resizeMode": "contain",
                }
              }
            >
              <Text
                ellipsizeMode="clip"
                style={
                  Object {
                    "color": "#344053ff",
                    "fontFamily": "System",
                    "fontSize": 16,
                    "fontStyle": "normal",
                    "fontWeight": "400",
                    "letterSpacing": 0,
                    "lineHeight": 20,
                    "paddingHorizontal": 0,
                    "paddingVertical": 0,
                    "textAlign": "left",
                  }
                }
              >
                The tropical plants of the Philippines
              </Text>
            </View>
            <View
              style={
                Object {
                  "flexGrow": 1,
                  "justifyContent": "center",
                  "paddingBottom": 15,
                  "resizeMode": "contain",
                }
              }
            >
              <Text
                ellipsizeMode="clip"
                style={
                  Object {
                    "color": "#667084ff",
                    "fontFamily": "System",
                    "fontSize": 14,
                    "fontStyle": "normal",
                    "fontWeight": "400",
                    "letterSpacing": 0,
                    "lineHeight": 20,
                    "paddingHorizontal": 0,
                    "paddingVertical": 0,
                    "textAlign": "left",
                  }
                }
              >
                13 Apr 2022, 11:53
              </Text>
            </View>
            <View>
              <View
                accessibilityIgnoresInvertColors={true}
              >
                <Image
                  container={
                    Object {
                      "$$typeof": Symbol(react.forward_ref),
                      "render": [Function],
                    }
                  }
                  onPress={[Function]}
                  style={
                    Array [
                      Object {
                        "bottom": 0,
                        "left": 0,
                        "position": "absolute",
                        "right": 0,
                        "top": 0,
                      },
                      Object {
                        "height": undefined,
                        "width": undefined,
                      },
                      undefined,
                    ]
                  }
                />
              </View>
            </View>
          </View>
        </View>
      </View>
      <View
        accessible={true}
        collapsable={false}
        focusable={true}
        onClick={[Function]}
        onResponderGrant={[Function]}
        onResponderMove={[Function]}
        onResponderRelease={[Function]}
        onResponderTerminate={[Function]}
        onResponderTerminationRequest={[Function]}
        onStartShouldSetResponder={[Function]}
        style={
          Object {
            "borderColor": "#c4c4c4ff",
            "borderRadius": 5,
            "borderStyle": "solid",
            "borderWidth": 1,
            "elevation": 1,
            "flexDirection": "row",
            "flexGrow": 1,
            "margin": 5,
            "opacity": 1,
            "shadowColor": "#c4c4c4ff",
            "shadowOffset": Object {
              "height": 2,
              "width": 2,
            },
            "shadowOpacity": 0.1,
            "shadowRadius": 5,
          }
        }
      >
        <View
          style={
            Object {
              "aspectRatio": 0.7071135624381276,
              "borderColor": "#3F89BE",
              "borderRadius": 5,
              "borderStyle": "solid",
              "borderWidth": 1,
              "flexShrink": 1,
            }
          }
        >
          <View
            accessibilityIgnoresInvertColors={true}
            style={
              Object {
                "borderRadius": 5,
                "resizeMode": "contain",
              }
            }
          >
            <Image
              style={
                Array [
                  Object {
                    "bottom": 0,
                    "left": 0,
                    "position": "absolute",
                    "right": 0,
                    "top": 0,
                  },
                  Object {
                    "height": undefined,
                    "width": undefined,
                  },
                  undefined,
                ]
              }
            />
          </View>
        </View>
        <View
          style={
            Object {
              "flex": 4,
              "justifyContent": "center",
            }
          }
        >
          <View
            style={
              Object {
                "flexDirection": "column",
                "flexGrow": 1,
                "flexShrink": 1,
                "justifyContent": "center",
                "marginBottom": 0,
                "marginLeft": 5,
                "marginRight": 0,
                "marginTop": 0,
                "paddingLeft": 10,
              }
            }
          >
            <View
              style={
                Object {
                  "flexGrow": 1,
                  "justifyContent": "center",
                  "paddingTop": 15,
                  "resizeMode": "contain",
                }
              }
            >
              <Text
                ellipsizeMode="clip"
                style={
                  Object {
                    "color": "#344053ff",
                    "fontFamily": "System",
                    "fontSize": 16,
                    "fontStyle": "normal",
                    "fontWeight": "400",
                    "letterSpacing": 0,
                    "lineHeight": 20,
                    "paddingHorizontal": 0,
                    "paddingVertical": 0,
                    "textAlign": "left",
                  }
                }
              >
                The tropical plants of the Philippines
              </Text>
            </View>
            <View
              style={
                Object {
                  "flexGrow": 1,
                  "justifyContent": "center",
                  "paddingBottom": 15,
                  "resizeMode": "contain",
                }
              }
            >
              <Text
                ellipsizeMode="clip"
                style={
                  Object {
                    "color": "#667084ff",
                    "fontFamily": "System",
                    "fontSize": 14,
                    "fontStyle": "normal",
                    "fontWeight": "400",
                    "letterSpacing": 0,
                    "lineHeight": 20,
                    "paddingHorizontal": 0,
                    "paddingVertical": 0,
                    "textAlign": "left",
                  }
                }
              >
                13 Apr 2022, 11:53
              </Text>
            </View>
            <View>
              <View
                accessibilityIgnoresInvertColors={true}
              >
                <Image
                  container={
                    Object {
                      "$$typeof": Symbol(react.forward_ref),
                      "render": [Function],
                    }
                  }
                  onPress={[Function]}
                  style={
                    Array [
                      Object {
                        "bottom": 0,
                        "left": 0,
                        "position": "absolute",
                        "right": 0,
                        "top": 0,
                      },
                      Object {
                        "height": undefined,
                        "width": undefined,
                      },
                      undefined,
                    ]
                  }
                />
              </View>
            </View>
          </View>
        </View>
      </View>
    </View>
  </RCTScrollView>
  <View
    style={
      Object {
        "backgroundColor": "#c4c4c4ff",
        "flexDirection": "row",
        "flexGrow": 1,
        "width": "100%",
      }
    }
  >
    <View
      accessible={true}
      collapsable={false}
      focusable={false}
      onClick={[Function]}
      onResponderGrant={[Function]}
      onResponderMove={[Function]}
      onResponderRelease={[Function]}
      onResponderTerminate={[Function]}
      onResponderTerminationRequest={[Function]}
      onStartShouldSetResponder={[Function]}
      style={
        Object {
          "opacity": 1,
        }
      }
    >
      <View
        accessibilityIgnoresInvertColors={true}
        style={
          Object {
            "resizeMode": "contain",
          }
        }
      >
        <Image
          container={
            Object {
              "$$typeof": Symbol(react.forward_ref),
              "render": [Function],
            }
          }
          onPress={[Function]}
          style={
            Array [
              Object {
                "bottom": 0,
                "left": 0,
                "position": "absolute",
                "right": 0,
                "top": 0,
              },
              Object {
                "height": undefined,
                "width": undefined,
              },
              undefined,
            ]
          }
        />
      </View>
    </View>
    <View
      accessible={true}
      collapsable={false}
      focusable={false}
      onClick={[Function]}
      onResponderGrant={[Function]}
      onResponderMove={[Function]}
      onResponderRelease={[Function]}
      onResponderTerminate={[Function]}
      onResponderTerminationRequest={[Function]}
      onStartShouldSetResponder={[Function]}
      style={
        Object {
          "opacity": 1,
        }
      }
    >
      <View
        accessibilityIgnoresInvertColors={true}
        style={
          Object {
            "resizeMode": "contain",
          }
        }
      >
        <Image
          container={
            Object {
              "$$typeof": Symbol(react.forward_ref),
              "render": [Function],
            }
          }
          onPress={[Function]}
          style={
            Array [
              Object {
                "bottom": 0,
                "left": 0,
                "position": "absolute",
                "right": 0,
                "top": 0,
              },
              Object {
                "height": undefined,
                "width": undefined,
              },
              undefined,
            ]
          }
        />
      </View>
    </View>
    <View
      style={
        Object {
          "alignItems": "center",
          "alignSelf": "flex-end",
          "flexDirection": "row",
          "flexGrow": 1,
          "justifyContent": "center",
          "marginVertical": 5,
        }
      }
    >
      <Text
        style={
          Object {
            "color": "#344053ff",
            "fontFamily": "System",
            "fontSize": 14,
            "fontStyle": "normal",
            "fontWeight": "500",
            "letterSpacing": 0,
            "lineHeight": 20,
            "padding": 3,
            "textAlign": "center",
          }
        }
      >
        Order by
      </Text>
      <View
        animated={true}
        defaultIndex={1}
        defaultValue="Please select..."
        disabled={false}
        dropdownStyle={Object {}}
        isFullWidth={false}
        keySearchObject="label"
        keyboardShouldPersistTaps="never"
        multipleSelect={false}
        numberOfLines={1}
        options={
          Array [
            "Date",
            "Name",
          ]
        }
        renderButtonComponent={
          Object {
            "$$typeof": Symbol(react.forward_ref),
            "render": [Function],
          }
        }
        renderRightComponent={[Function]}
        renderRowComponent={
          Object {
            "$$typeof": Symbol(react.forward_ref),
            "render": [Function],
          }
        }
        saveScrollPosition={true}
        scrollEnabled={true}
        searchPlaceholder="Search"
        showSearch={false}
        showsVerticalScrollIndicator={true}
        style={
          Object {
            "backgroundColor": "#ffffffff",
            "borderColor": "#d0d5ddff",
            "borderRadius": 8,
            "borderStyle": "solid",
            "borderWidth": 1,
            "elevation": 2,
            "flexDirection": "row",
            "flexShrink": 1,
            "marginVertical": 5,
            "shadowColor": "#000000",
            "shadowOffset": Object {
              "height": 1,
              "width": 0,
            },
            "shadowOpacity": 0.2173913043478261,
            "shadowRadius": 2.621621621621622,
            "width": 120,
          }
        }
        textStyle={
          Object {
            "color": "#667084ff",
            "fontFamily": "System",
            "fontSize": 16,
            "fontStyle": "normal",
            "fontWeight": "400",
            "letterSpacing": 0,
            "lineHeight": 18,
            "padding": 10,
            "textAlign": "left",
          }
        }
      >
        <View
          accessibilityState={
            Object {
              "disabled": false,
            }
          }
          accessible={true}
          collapsable={false}
          focusable={true}
          forwardedRef={[Function]}
          onClick={[Function]}
          onResponderGrant={[Function]}
          onResponderMove={[Function]}
          onResponderRelease={[Function]}
          onResponderTerminate={[Function]}
          onResponderTerminationRequest={[Function]}
          onStartShouldSetResponder={[Function]}
          style={
            Object {
              "opacity": 1,
            }
          }
        >
          <View
            style={
              Array [
                Object {
                  "alignItems": "center",
                  "flexDirection": "row",
                },
                undefined,
              ]
            }
          >
            <Text
              numberOfLines={1}
              style={
                Array [
                  Object {
                    "fontSize": 12,
                  },
                  Object {
                    "color": "#667084ff",
                    "fontFamily": "System",
                    "fontSize": 16,
                    "fontStyle": "normal",
                    "fontWeight": "400",
                    "letterSpacing": 0,
                    "lineHeight": 18,
                    "padding": 10,
                    "textAlign": "left",
                  },
                ]
              }
            >
              Please select...
            </Text>
            <View />
          </View>
        </View>
      </View>
    </View>
  </View>
</View>
`;
